Archive member included to satisfy reference by file (symbol)

c:/program files (x86)/atmel/studio/7.0/toolchain/avr8/avr8-gnu-toolchain/bin/../lib/gcc/avr/5.4.0/avr5\libgcc.a(_exit.o)
                              C:/Program Files (x86)/Atmel/Studio/7.0/Packs/atmel/ATmega_DFP/1.7.374/gcc/dev/atmega324p/avr5/crtatmega324p.o (exit)
c:/program files (x86)/atmel/studio/7.0/toolchain/avr8/avr8-gnu-toolchain/bin/../lib/gcc/avr/5.4.0/avr5\libgcc.a(_copy_data.o)
                              main.o (__do_copy_data)
c:/program files (x86)/atmel/studio/7.0/toolchain/avr8/avr8-gnu-toolchain/bin/../lib/gcc/avr/5.4.0/avr5\libgcc.a(_clear_bss.o)
                              APP/APP_DHT.o (__do_clear_bss)

Discarded input sections

 .data          0x00000000        0x0 C:/Program Files (x86)/Atmel/Studio/7.0/Packs/atmel/ATmega_DFP/1.7.374/gcc/dev/atmega324p/avr5/crtatmega324p.o
 .bss           0x00000000        0x0 C:/Program Files (x86)/Atmel/Studio/7.0/Packs/atmel/ATmega_DFP/1.7.374/gcc/dev/atmega324p/avr5/crtatmega324p.o
 .text          0x00000000        0x0 APP/APP_DHT.o
 .data          0x00000000        0x0 APP/APP_DHT.o
 .bss           0x00000000        0x0 APP/APP_DHT.o
 .text          0x00000000        0x0 APP/APP_DISPLAY/app_display.o
 .data          0x00000000        0x0 APP/APP_DISPLAY/app_display.o
 .bss           0x00000000        0x0 APP/APP_DISPLAY/app_display.o
 .debug_line    0x00000000        0x0 APP/APP_DISPLAY/app_display.o
 .debug_str     0x00000000      0x10e APP/APP_DISPLAY/app_display.o
 .comment       0x00000000       0x31 APP/APP_DISPLAY/app_display.o
 .text          0x00000000        0x0 BSP/BSP_DHT.o
 .data          0x00000000        0x0 BSP/BSP_DHT.o
 .bss           0x00000000        0x0 BSP/BSP_DHT.o
 .text          0x00000000        0x0 BSP/BSP_LCD.o
 .data          0x00000000        0x0 BSP/BSP_LCD.o
 .bss           0x00000000        0x0 BSP/BSP_LCD.o
 .text          0x00000000        0x0 BSP/BSP_LED.o
 .data          0x00000000        0x0 BSP/BSP_LED.o
 .bss           0x00000000        0x0 BSP/BSP_LED.o
 .text.BSP_LED_On
                0x00000000        0xc BSP/BSP_LED.o
 .text.BSP_LED_Off
                0x00000000        0xc BSP/BSP_LED.o
 .text.BSP_LED_Init
                0x00000000       0x10 BSP/BSP_LED.o
 .debug_info    0x00000000      0x151 BSP/BSP_LED.o
 .debug_abbrev  0x00000000       0xb7 BSP/BSP_LED.o
 .debug_aranges
                0x00000000       0x30 BSP/BSP_LED.o
 .debug_ranges  0x00000000       0x20 BSP/BSP_LED.o
 .debug_line    0x00000000       0x88 BSP/BSP_LED.o
 .debug_str     0x00000000      0x1c3 BSP/BSP_LED.o
 .comment       0x00000000       0x31 BSP/BSP_LED.o
 .debug_frame   0x00000000       0x44 BSP/BSP_LED.o
 .text          0x00000000        0x0 BSP/BSP_TIMER.o
 .data          0x00000000        0x0 BSP/BSP_TIMER.o
 .bss           0x00000000        0x0 BSP/BSP_TIMER.o
 .text.BSP_DelayMs
                0x00000000       0x48 BSP/BSP_TIMER.o
 .text          0x00000000        0x0 DATA/DATA_DHT.o
 .data          0x00000000        0x0 DATA/DATA_DHT.o
 .bss           0x00000000        0x0 DATA/DATA_DHT.o
 .text          0x00000000        0x0 DRIVER/GPIO.o
 .data          0x00000000        0x0 DRIVER/GPIO.o
 .bss           0x00000000        0x0 DRIVER/GPIO.o
 .text.GPIO_setupPinDirection
                0x00000000       0xe6 DRIVER/GPIO.o
 .text.GPIO_writePin
                0x00000000       0xe6 DRIVER/GPIO.o
 .text.GPIO_readPin
                0x00000000       0x8c DRIVER/GPIO.o
 .text.GPIO_setupPortDirection
                0x00000000       0x24 DRIVER/GPIO.o
 .text.GPIO_writePort
                0x00000000       0x24 DRIVER/GPIO.o
 .text.GPIO_readPort
                0x00000000       0x2c DRIVER/GPIO.o
 .debug_info    0x00000000      0x22a DRIVER/GPIO.o
 .debug_abbrev  0x00000000       0xce DRIVER/GPIO.o
 .debug_loc     0x00000000      0x38f DRIVER/GPIO.o
 .debug_aranges
                0x00000000       0x48 DRIVER/GPIO.o
 .debug_ranges  0x00000000       0x38 DRIVER/GPIO.o
 .debug_line    0x00000000      0x2dc DRIVER/GPIO.o
 .debug_str     0x00000000      0x258 DRIVER/GPIO.o
 .comment       0x00000000       0x31 DRIVER/GPIO.o
 .debug_frame   0x00000000       0x74 DRIVER/GPIO.o
 .text          0x00000000        0x0 DRIVER/LCD.o
 .data          0x00000000        0x0 DRIVER/LCD.o
 .bss           0x00000000        0x0 DRIVER/LCD.o
 .text.LCD_DelayMs
                0x00000000       0x3a DRIVER/LCD.o
 .text.LCD_DelayUs
                0x00000000       0x2e DRIVER/LCD.o
 .text.LCD_RS_HIGH
                0x00000000        0x2 DRIVER/LCD.o
 .text.LCD_RS_LOW
                0x00000000        0x2 DRIVER/LCD.o
 .text.LCD_EN_HIGH
                0x00000000        0x2 DRIVER/LCD.o
 .text.LCD_EN_LOW
                0x00000000        0x2 DRIVER/LCD.o
 .text.LCD_Home
                0x00000000        0x8 DRIVER/LCD.o
 .text          0x00000000        0x0 main.o
 .data          0x00000000        0x0 main.o
 .bss           0x00000000        0x0 main.o
 .text          0x00000000        0x0 c:/program files (x86)/atmel/studio/7.0/toolchain/avr8/avr8-gnu-toolchain/bin/../lib/gcc/avr/5.4.0/avr5\libgcc.a(_exit.o)
 .data          0x00000000        0x0 c:/program files (x86)/atmel/studio/7.0/toolchain/avr8/avr8-gnu-toolchain/bin/../lib/gcc/avr/5.4.0/avr5\libgcc.a(_exit.o)
 .bss           0x00000000        0x0 c:/program files (x86)/atmel/studio/7.0/toolchain/avr8/avr8-gnu-toolchain/bin/../lib/gcc/avr/5.4.0/avr5\libgcc.a(_exit.o)
 .text.libgcc.mul
                0x00000000        0x0 c:/program files (x86)/atmel/studio/7.0/toolchain/avr8/avr8-gnu-toolchain/bin/../lib/gcc/avr/5.4.0/avr5\libgcc.a(_exit.o)
 .text.libgcc.div
                0x00000000        0x0 c:/program files (x86)/atmel/studio/7.0/toolchain/avr8/avr8-gnu-toolchain/bin/../lib/gcc/avr/5.4.0/avr5\libgcc.a(_exit.o)
 .text.libgcc   0x00000000        0x0 c:/program files (x86)/atmel/studio/7.0/toolchain/avr8/avr8-gnu-toolchain/bin/../lib/gcc/avr/5.4.0/avr5\libgcc.a(_exit.o)
 .text.libgcc.prologue
                0x00000000        0x0 c:/program files (x86)/atmel/studio/7.0/toolchain/avr8/avr8-gnu-toolchain/bin/../lib/gcc/avr/5.4.0/avr5\libgcc.a(_exit.o)
 .text.libgcc.builtins
                0x00000000        0x0 c:/program files (x86)/atmel/studio/7.0/toolchain/avr8/avr8-gnu-toolchain/bin/../lib/gcc/avr/5.4.0/avr5\libgcc.a(_exit.o)
 .text.libgcc.fmul
                0x00000000        0x0 c:/program files (x86)/atmel/studio/7.0/toolchain/avr8/avr8-gnu-toolchain/bin/../lib/gcc/avr/5.4.0/avr5\libgcc.a(_exit.o)
 .text.libgcc.fixed
                0x00000000        0x0 c:/program files (x86)/atmel/studio/7.0/toolchain/avr8/avr8-gnu-toolchain/bin/../lib/gcc/avr/5.4.0/avr5\libgcc.a(_exit.o)
 .text          0x00000000        0x0 c:/program files (x86)/atmel/studio/7.0/toolchain/avr8/avr8-gnu-toolchain/bin/../lib/gcc/avr/5.4.0/avr5\libgcc.a(_copy_data.o)
 .data          0x00000000        0x0 c:/program files (x86)/atmel/studio/7.0/toolchain/avr8/avr8-gnu-toolchain/bin/../lib/gcc/avr/5.4.0/avr5\libgcc.a(_copy_data.o)
 .bss           0x00000000        0x0 c:/program files (x86)/atmel/studio/7.0/toolchain/avr8/avr8-gnu-toolchain/bin/../lib/gcc/avr/5.4.0/avr5\libgcc.a(_copy_data.o)
 .text.libgcc.mul
                0x00000000        0x0 c:/program files (x86)/atmel/studio/7.0/toolchain/avr8/avr8-gnu-toolchain/bin/../lib/gcc/avr/5.4.0/avr5\libgcc.a(_copy_data.o)
 .text.libgcc.div
                0x00000000        0x0 c:/program files (x86)/atmel/studio/7.0/toolchain/avr8/avr8-gnu-toolchain/bin/../lib/gcc/avr/5.4.0/avr5\libgcc.a(_copy_data.o)
 .text.libgcc   0x00000000        0x0 c:/program files (x86)/atmel/studio/7.0/toolchain/avr8/avr8-gnu-toolchain/bin/../lib/gcc/avr/5.4.0/avr5\libgcc.a(_copy_data.o)
 .text.libgcc.prologue
                0x00000000        0x0 c:/program files (x86)/atmel/studio/7.0/toolchain/avr8/avr8-gnu-toolchain/bin/../lib/gcc/avr/5.4.0/avr5\libgcc.a(_copy_data.o)
 .text.libgcc.builtins
                0x00000000        0x0 c:/program files (x86)/atmel/studio/7.0/toolchain/avr8/avr8-gnu-toolchain/bin/../lib/gcc/avr/5.4.0/avr5\libgcc.a(_copy_data.o)
 .text.libgcc.fmul
                0x00000000        0x0 c:/program files (x86)/atmel/studio/7.0/toolchain/avr8/avr8-gnu-toolchain/bin/../lib/gcc/avr/5.4.0/avr5\libgcc.a(_copy_data.o)
 .text.libgcc.fixed
                0x00000000        0x0 c:/program files (x86)/atmel/studio/7.0/toolchain/avr8/avr8-gnu-toolchain/bin/../lib/gcc/avr/5.4.0/avr5\libgcc.a(_copy_data.o)
 .text          0x00000000        0x0 c:/program files (x86)/atmel/studio/7.0/toolchain/avr8/avr8-gnu-toolchain/bin/../lib/gcc/avr/5.4.0/avr5\libgcc.a(_clear_bss.o)
 .data          0x00000000        0x0 c:/program files (x86)/atmel/studio/7.0/toolchain/avr8/avr8-gnu-toolchain/bin/../lib/gcc/avr/5.4.0/avr5\libgcc.a(_clear_bss.o)
 .bss           0x00000000        0x0 c:/program files (x86)/atmel/studio/7.0/toolchain/avr8/avr8-gnu-toolchain/bin/../lib/gcc/avr/5.4.0/avr5\libgcc.a(_clear_bss.o)
 .text.libgcc.mul
                0x00000000        0x0 c:/program files (x86)/atmel/studio/7.0/toolchain/avr8/avr8-gnu-toolchain/bin/../lib/gcc/avr/5.4.0/avr5\libgcc.a(_clear_bss.o)
 .text.libgcc.div
                0x00000000        0x0 c:/program files (x86)/atmel/studio/7.0/toolchain/avr8/avr8-gnu-toolchain/bin/../lib/gcc/avr/5.4.0/avr5\libgcc.a(_clear_bss.o)
 .text.libgcc   0x00000000        0x0 c:/program files (x86)/atmel/studio/7.0/toolchain/avr8/avr8-gnu-toolchain/bin/../lib/gcc/avr/5.4.0/avr5\libgcc.a(_clear_bss.o)
 .text.libgcc.prologue
                0x00000000        0x0 c:/program files (x86)/atmel/studio/7.0/toolchain/avr8/avr8-gnu-toolchain/bin/../lib/gcc/avr/5.4.0/avr5\libgcc.a(_clear_bss.o)
 .text.libgcc.builtins
                0x00000000        0x0 c:/program files (x86)/atmel/studio/7.0/toolchain/avr8/avr8-gnu-toolchain/bin/../lib/gcc/avr/5.4.0/avr5\libgcc.a(_clear_bss.o)
 .text.libgcc.fmul
                0x00000000        0x0 c:/program files (x86)/atmel/studio/7.0/toolchain/avr8/avr8-gnu-toolchain/bin/../lib/gcc/avr/5.4.0/avr5\libgcc.a(_clear_bss.o)
 .text.libgcc.fixed
                0x00000000        0x0 c:/program files (x86)/atmel/studio/7.0/toolchain/avr8/avr8-gnu-toolchain/bin/../lib/gcc/avr/5.4.0/avr5\libgcc.a(_clear_bss.o)

Memory Configuration

Name             Origin             Length             Attributes
text             0x00000000         0x00008000         xr
data             0x00800100         0x00000800         rw !x
eeprom           0x00810000         0x00000400         rw !x
fuse             0x00820000         0x00000003         rw !x
lock             0x00830000         0x00000400         rw !x
signature        0x00840000         0x00000400         rw !x
user_signatures  0x00850000         0x00000400         rw !x
*default*        0x00000000         0xffffffff

Linker script and memory map

Address of section .data set to 0x800100
LOAD C:/Program Files (x86)/Atmel/Studio/7.0/Packs/atmel/ATmega_DFP/1.7.374/gcc/dev/atmega324p/avr5/crtatmega324p.o
LOAD APP/APP_DHT.o
LOAD APP/APP_DISPLAY/app_display.o
LOAD BSP/BSP_DHT.o
LOAD BSP/BSP_LCD.o
LOAD BSP/BSP_LED.o
LOAD BSP/BSP_TIMER.o
LOAD DATA/DATA_DHT.o
LOAD DRIVER/GPIO.o
LOAD DRIVER/LCD.o
LOAD main.o
START GROUP
LOAD c:/program files (x86)/atmel/studio/7.0/toolchain/avr8/avr8-gnu-toolchain/bin/../lib/gcc/avr/5.4.0/../../../../avr/lib/avr5\libm.a
END GROUP
START GROUP
LOAD c:/program files (x86)/atmel/studio/7.0/toolchain/avr8/avr8-gnu-toolchain/bin/../lib/gcc/avr/5.4.0/avr5\libgcc.a
LOAD c:/program files (x86)/atmel/studio/7.0/toolchain/avr8/avr8-gnu-toolchain/bin/../lib/gcc/avr/5.4.0/../../../../avr/lib/avr5\libm.a
LOAD c:/program files (x86)/atmel/studio/7.0/toolchain/avr8/avr8-gnu-toolchain/bin/../lib/gcc/avr/5.4.0/../../../../avr/lib/avr5\libc.a
LOAD C:/Program Files (x86)/Atmel/Studio/7.0/Packs/atmel/ATmega_DFP/1.7.374/gcc/dev/atmega324p/avr5\libatmega324p.a
END GROUP
                [0x00000000]                __TEXT_REGION_ORIGIN__ = DEFINED (__TEXT_REGION_ORIGIN__)?__TEXT_REGION_ORIGIN__:0x0
                [0x00800100]                __DATA_REGION_ORIGIN__ = DEFINED (__DATA_REGION_ORIGIN__)?__DATA_REGION_ORIGIN__:0x800060
                [0x00008000]                __TEXT_REGION_LENGTH__ = DEFINED (__TEXT_REGION_LENGTH__)?__TEXT_REGION_LENGTH__:0x20000
                [0x00000800]                __DATA_REGION_LENGTH__ = DEFINED (__DATA_REGION_LENGTH__)?__DATA_REGION_LENGTH__:0xffa0
                [0x00000400]                __EEPROM_REGION_LENGTH__ = DEFINED (__EEPROM_REGION_LENGTH__)?__EEPROM_REGION_LENGTH__:0x10000
                [0x00000003]                __FUSE_REGION_LENGTH__ = DEFINED (__FUSE_REGION_LENGTH__)?__FUSE_REGION_LENGTH__:0x400
                0x00000400                __LOCK_REGION_LENGTH__ = DEFINED (__LOCK_REGION_LENGTH__)?__LOCK_REGION_LENGTH__:0x400
                0x00000400                __SIGNATURE_REGION_LENGTH__ = DEFINED (__SIGNATURE_REGION_LENGTH__)?__SIGNATURE_REGION_LENGTH__:0x400
                0x00000400                __USER_SIGNATURE_REGION_LENGTH__ = DEFINED (__USER_SIGNATURE_REGION_LENGTH__)?__USER_SIGNATURE_REGION_LENGTH__:0x400

.hash
 *(.hash)

.dynsym
 *(.dynsym)

.dynstr
 *(.dynstr)

.gnu.version
 *(.gnu.version)

.gnu.version_d
 *(.gnu.version_d)

.gnu.version_r
 *(.gnu.version_r)

.rel.init
 *(.rel.init)

.rela.init
 *(.rela.init)

.rel.text
 *(.rel.text)
 *(.rel.text.*)
 *(.rel.gnu.linkonce.t*)

.rela.text
 *(.rela.text)
 *(.rela.text.*)
 *(.rela.gnu.linkonce.t*)

.rel.fini
 *(.rel.fini)

.rela.fini
 *(.rela.fini)

.rel.rodata
 *(.rel.rodata)
 *(.rel.rodata.*)
 *(.rel.gnu.linkonce.r*)

.rela.rodata
 *(.rela.rodata)
 *(.rela.rodata.*)
 *(.rela.gnu.linkonce.r*)

.rel.data
 *(.rel.data)
 *(.rel.data.*)
 *(.rel.gnu.linkonce.d*)

.rela.data
 *(.rela.data)
 *(.rela.data.*)
 *(.rela.gnu.linkonce.d*)

.rel.ctors
 *(.rel.ctors)

.rela.ctors
 *(.rela.ctors)

.rel.dtors
 *(.rel.dtors)

.rela.dtors
 *(.rela.dtors)

.rel.got
 *(.rel.got)

.rela.got
 *(.rela.got)

.rel.bss
 *(.rel.bss)

.rela.bss
 *(.rela.bss)

.rel.plt
 *(.rel.plt)

.rela.plt
 *(.rela.plt)

.text           0x00000000      0x6b2
 *(.vectors)
 .vectors       0x00000000       0x7c C:/Program Files (x86)/Atmel/Studio/7.0/Packs/atmel/ATmega_DFP/1.7.374/gcc/dev/atmega324p/avr5/crtatmega324p.o
                0x00000000                __vector_default
                0x00000000                __vectors
 *(.vectors)
 *(.progmem.gcc*)
                0x0000007c                . = ALIGN (0x2)
                0x0000007c                __trampolines_start = .
 *(.trampolines)
 .trampolines   0x0000007c        0x0 linker stubs
 *(.trampolines*)
                0x0000007c                __trampolines_end = .
 *libprintf_flt.a:*(.progmem.data)
 *libc.a:*(.progmem.data)
 *(.progmem*)
                0x0000007c                . = ALIGN (0x2)
 *(.jumptables)
 *(.jumptables*)
 *(.lowtext)
 *(.lowtext*)
                0x0000007c                __ctors_start = .
 *(.ctors)
                0x0000007c                __ctors_end = .
                0x0000007c                __dtors_start = .
 *(.dtors)
                0x0000007c                __dtors_end = .
 SORT(*)(.ctors)
 SORT(*)(.dtors)
 *(.init0)
 .init0         0x0000007c        0x0 C:/Program Files (x86)/Atmel/Studio/7.0/Packs/atmel/ATmega_DFP/1.7.374/gcc/dev/atmega324p/avr5/crtatmega324p.o
                0x0000007c                __init
 *(.init0)
 *(.init1)
 *(.init1)
 *(.init2)
 .init2         0x0000007c        0xc C:/Program Files (x86)/Atmel/Studio/7.0/Packs/atmel/ATmega_DFP/1.7.374/gcc/dev/atmega324p/avr5/crtatmega324p.o
 *(.init2)
 *(.init3)
 *(.init3)
 *(.init4)
 .init4         0x00000088       0x16 c:/program files (x86)/atmel/studio/7.0/toolchain/avr8/avr8-gnu-toolchain/bin/../lib/gcc/avr/5.4.0/avr5\libgcc.a(_copy_data.o)
                0x00000088                __do_copy_data
 .init4         0x0000009e       0x10 c:/program files (x86)/atmel/studio/7.0/toolchain/avr8/avr8-gnu-toolchain/bin/../lib/gcc/avr/5.4.0/avr5\libgcc.a(_clear_bss.o)
                0x0000009e                __do_clear_bss
 *(.init4)
 *(.init5)
 *(.init5)
 *(.init6)
 *(.init6)
 *(.init7)
 *(.init7)
 *(.init8)
 *(.init8)
 *(.init9)
 .init9         0x000000ae        0x8 C:/Program Files (x86)/Atmel/Studio/7.0/Packs/atmel/ATmega_DFP/1.7.374/gcc/dev/atmega324p/avr5/crtatmega324p.o
 *(.init9)
 *(.text)
 .text          0x000000b6        0x4 C:/Program Files (x86)/Atmel/Studio/7.0/Packs/atmel/ATmega_DFP/1.7.374/gcc/dev/atmega324p/avr5/crtatmega324p.o
                0x000000b6                __vector_22
                0x000000b6                __vector_28
                0x000000b6                __vector_1
                0x000000b6                __vector_24
                0x000000b6                __vector_12
                0x000000b6                __bad_interrupt
                0x000000b6                __vector_6
                0x000000b6                __vector_3
                0x000000b6                __vector_23
                0x000000b6                __vector_30
                0x000000b6                __vector_25
                0x000000b6                __vector_11
                0x000000b6                __vector_17
                0x000000b6                __vector_19
                0x000000b6                __vector_7
                0x000000b6                __vector_27
                0x000000b6                __vector_5
                0x000000b6                __vector_4
                0x000000b6                __vector_9
                0x000000b6                __vector_2
                0x000000b6                __vector_21
                0x000000b6                __vector_15
                0x000000b6                __vector_29
                0x000000b6                __vector_8
                0x000000b6                __vector_26
                0x000000b6                __vector_14
                0x000000b6                __vector_10
                0x000000b6                __vector_16
                0x000000b6                __vector_18
                0x000000b6                __vector_20
                0x000000ba                . = ALIGN (0x2)
 *(.text.*)
 .text.app_dht_init
                0x000000ba       0x1e APP/APP_DHT.o
                0x000000ba                app_dht_init
 .text.app_dht_update
                0x000000d8       0x94 APP/APP_DHT.o
                0x000000d8                app_dht_update
 .text.app_dht_get_read_status
                0x0000016c        0x6 APP/APP_DHT.o
                0x0000016c                app_dht_get_read_status
 .text.DHT_SetOutput
                0x00000172        0x8 BSP/BSP_DHT.o
 .text.DHT_SetInput
                0x0000017a        0xe BSP/BSP_DHT.o
 .text.DHT_WriteLow
                0x00000188        0x8 BSP/BSP_DHT.o
 .text.DHT_WriteHigh
                0x00000190        0x8 BSP/BSP_DHT.o
 .text.DHT_ReadPin
                0x00000198        0xa BSP/BSP_DHT.o
 .text.DHT_WaitForLevel
                0x000001a2       0x30 BSP/BSP_DHT.o
 .text.DHT_ReadBit
                0x000001d2       0x3e BSP/BSP_DHT.o
 .text.DHT_ReadByte
                0x00000210       0x48 BSP/BSP_DHT.o
 .text.DHT_SendStart
                0x00000258       0x26 BSP/BSP_DHT.o
                0x00000258                DHT_SendStart
 .text.DHT_CheckResponse
                0x0000027e       0x3a BSP/BSP_DHT.o
                0x0000027e                DHT_CheckResponse
 .text.BSP_DHT_Init
                0x000002b8        0xe BSP/BSP_DHT.o
                0x000002b8                BSP_DHT_Init
 .text.BSP_DHT_Read
                0x000002c6       0x98 BSP/BSP_DHT.o
                0x000002c6                BSP_DHT_Read
 .text.BSP_LCD_Init
                0x0000035e        0xc BSP/BSP_LCD.o
                0x0000035e                BSP_LCD_Init
 .text.LCD_WriteBus4
                0x0000036a       0x12 BSP/BSP_LCD.o
                0x0000036a                LCD_WriteBus4
 .text.LCD_RS_HIGH
                0x0000037c        0x8 BSP/BSP_LCD.o
                0x0000037c                LCD_RS_HIGH
 .text.LCD_RS_LOW
                0x00000384        0x8 BSP/BSP_LCD.o
                0x00000384                LCD_RS_LOW
 .text.LCD_EN_HIGH
                0x0000038c        0x8 BSP/BSP_LCD.o
                0x0000038c                LCD_EN_HIGH
 .text.LCD_EN_LOW
                0x00000394        0x8 BSP/BSP_LCD.o
                0x00000394                LCD_EN_LOW
 .text.LCD_DelayMs
                0x0000039c       0x30 BSP/BSP_LCD.o
                0x0000039c                LCD_DelayMs
 .text.LCD_DelayUs
                0x000003cc       0x2c BSP/BSP_LCD.o
                0x000003cc                LCD_DelayUs
 .text.BSP_Timer1_Init
                0x000003f8       0x4c BSP/BSP_TIMER.o
                0x000003f8                BSP_Timer1_Init
 .text.__vector_13
                0x00000444       0x4a BSP/BSP_TIMER.o
                0x00000444                __vector_13
 .text.BSP_GetSysTimeMs
                0x0000048e       0x18 BSP/BSP_TIMER.o
                0x0000048e                BSP_GetSysTimeMs
 .text.data_dht_set_temperature
                0x000004a6        0x6 DATA/DATA_DHT.o
                0x000004a6                data_dht_set_temperature
 .text.data_dht_get_temperature
                0x000004ac        0x6 DATA/DATA_DHT.o
                0x000004ac                data_dht_get_temperature
 .text.data_dht_set_humidity
                0x000004b2        0x6 DATA/DATA_DHT.o
                0x000004b2                data_dht_set_humidity
 .text.data_dht_get_humidity
                0x000004b8        0x6 DATA/DATA_DHT.o
                0x000004b8                data_dht_get_humidity
 .text.LCD_PulseEnable
                0x000004be       0x22 DRIVER/LCD.o
                0x000004be                LCD_PulseEnable
 .text.LCD_Write4Bits
                0x000004e0        0xc DRIVER/LCD.o
                0x000004e0                LCD_Write4Bits
 .text.LCD_Send
                0x000004ec       0x44 DRIVER/LCD.o
                0x000004ec                LCD_Send
 .text.LCD_SendCommand
                0x00000530        0x8 DRIVER/LCD.o
                0x00000530                LCD_SendCommand
 .text.LCD_SendData
                0x00000538        0x8 DRIVER/LCD.o
                0x00000538                LCD_SendData
 .text.LCD_Clear
                0x00000540        0x8 DRIVER/LCD.o
                0x00000540                LCD_Clear
 .text.LCD_Init
                0x00000548       0x7a DRIVER/LCD.o
                0x00000548                LCD_Init
 .text.LCD_PutChar
                0x000005c2        0x6 DRIVER/LCD.o
                0x000005c2                LCD_PutChar
 .text.LCD_PutString
                0x000005c8       0x1e DRIVER/LCD.o
                0x000005c8                LCD_PutString
 .text.LCD_GotoXY
                0x000005e6       0x12 DRIVER/LCD.o
                0x000005e6                LCD_GotoXY
 .text.main     0x000005f8       0xb6 main.o
                0x000005f8                main
                0x000006ae                . = ALIGN (0x2)
 *(.fini9)
 .fini9         0x000006ae        0x0 c:/program files (x86)/atmel/studio/7.0/toolchain/avr8/avr8-gnu-toolchain/bin/../lib/gcc/avr/5.4.0/avr5\libgcc.a(_exit.o)
                0x000006ae                _exit
                0x000006ae                exit
 *(.fini9)
 *(.fini8)
 *(.fini8)
 *(.fini7)
 *(.fini7)
 *(.fini6)
 *(.fini6)
 *(.fini5)
 *(.fini5)
 *(.fini4)
 *(.fini4)
 *(.fini3)
 *(.fini3)
 *(.fini2)
 *(.fini2)
 *(.fini1)
 *(.fini1)
 *(.fini0)
 .fini0         0x000006ae        0x4 c:/program files (x86)/atmel/studio/7.0/toolchain/avr8/avr8-gnu-toolchain/bin/../lib/gcc/avr/5.4.0/avr5\libgcc.a(_exit.o)
 *(.fini0)
                0x000006b2                _etext = .

.data           0x00800100       0x24 load address 0x000006b2
                0x00800100                PROVIDE (__data_start, .)
 *(.data)
 *(.data*)
 *(.gnu.linkonce.d*)
 *(.rodata)
 *(.rodata*)
 .rodata.str1.1
                0x00800100       0x24 main.o
                                 0x28 (size before relaxing)
 *(.gnu.linkonce.r*)
                0x00800124                . = ALIGN (0x2)
                0x00800124                _edata = .
                0x00800124                PROVIDE (__data_end, .)

.bss            0x00800124        0xb
                0x00800124                PROVIDE (__bss_start, .)
 *(.bss)
 *(.bss*)
 .bss.read_status
                0x00800124        0x1 APP/APP_DHT.o
 .bss.last_read_time
                0x00800125        0x4 APP/APP_DHT.o
 .bss.sys_time_count
                0x00800129        0x4 BSP/BSP_TIMER.o
                0x00800129                sys_time_count
 .bss.humidity  0x0080012d        0x1 DATA/DATA_DHT.o
 .bss.temperature
                0x0080012e        0x1 DATA/DATA_DHT.o
 *(COMMON)
                0x0080012f                PROVIDE (__bss_end, .)
                0x000006b2                __data_load_start = LOADADDR (.data)
                0x000006d6                __data_load_end = (__data_load_start + SIZEOF (.data))

.noinit         0x0080012f        0x0
                [!provide]                PROVIDE (__noinit_start, .)
 *(.noinit*)
                [!provide]                PROVIDE (__noinit_end, .)
                0x0080012f                _end = .
                [!provide]                PROVIDE (__heap_start, .)

.eeprom         0x00810000        0x0
 *(.eeprom*)
                0x00810000                __eeprom_end = .

.fuse
 *(.fuse)
 *(.lfuse)
 *(.hfuse)
 *(.efuse)

.lock
 *(.lock*)

.signature
 *(.signature*)

.user_signatures
 *(.user_signatures*)

.stab
 *(.stab)

.stabstr
 *(.stabstr)

.stab.excl
 *(.stab.excl)

.stab.exclstr
 *(.stab.exclstr)

.stab.index
 *(.stab.index)

.stab.indexstr
 *(.stab.indexstr)

.comment        0x00000000       0x30
 *(.comment)
 .comment       0x00000000       0x30 APP/APP_DHT.o
                                 0x31 (size before relaxing)
 .comment       0x00000030       0x31 BSP/BSP_DHT.o
 .comment       0x00000030       0x31 BSP/BSP_LCD.o
 .comment       0x00000030       0x31 BSP/BSP_TIMER.o
 .comment       0x00000030       0x31 DATA/DATA_DHT.o
 .comment       0x00000030       0x31 DRIVER/LCD.o
 .comment       0x00000030       0x31 main.o

.note.gnu.avr.deviceinfo
                0x00000000       0x40
 .note.gnu.avr.deviceinfo
                0x00000000       0x40 C:/Program Files (x86)/Atmel/Studio/7.0/Packs/atmel/ATmega_DFP/1.7.374/gcc/dev/atmega324p/avr5/crtatmega324p.o

.note.gnu.build-id
 *(.note.gnu.build-id)

.debug
 *(.debug)

.line
 *(.line)

.debug_srcinfo
 *(.debug_srcinfo)

.debug_sfnames
 *(.debug_sfnames)

.debug_aranges  0x00000000      0x230
 *(.debug_aranges)
 .debug_aranges
                0x00000000       0x30 APP/APP_DHT.o
 .debug_aranges
                0x00000030       0x78 BSP/BSP_DHT.o
 .debug_aranges
                0x000000a8       0x58 BSP/BSP_LCD.o
 .debug_aranges
                0x00000100       0x38 BSP/BSP_TIMER.o
 .debug_aranges
                0x00000138       0x38 DATA/DATA_DHT.o
 .debug_aranges
                0x00000170       0xa0 DRIVER/LCD.o
 .debug_aranges
                0x00000210       0x20 main.o

.debug_pubnames
 *(.debug_pubnames)

.debug_info     0x00000000     0x1a6f
 *(.debug_info .gnu.linkonce.wi.*)
 .debug_info    0x00000000      0x6cc C:/Program Files (x86)/Atmel/Studio/7.0/Packs/atmel/ATmega_DFP/1.7.374/gcc/dev/atmega324p/avr5/crtatmega324p.o
 .debug_info    0x000006cc      0x1a7 APP/APP_DHT.o
 .debug_info    0x00000873      0x4e1 BSP/BSP_DHT.o
 .debug_info    0x00000d54      0x263 BSP/BSP_LCD.o
 .debug_info    0x00000fb7      0x165 BSP/BSP_TIMER.o
 .debug_info    0x0000111c      0x113 DATA/DATA_DHT.o
 .debug_info    0x0000122f      0x5b7 DRIVER/LCD.o
 .debug_info    0x000017e6      0x289 main.o

.debug_abbrev   0x00000000      0xde3
 *(.debug_abbrev)
 .debug_abbrev  0x00000000      0x66e C:/Program Files (x86)/Atmel/Studio/7.0/Packs/atmel/ATmega_DFP/1.7.374/gcc/dev/atmega324p/avr5/crtatmega324p.o
 .debug_abbrev  0x0000066e       0xdb APP/APP_DHT.o
 .debug_abbrev  0x00000749      0x1fb BSP/BSP_DHT.o
 .debug_abbrev  0x00000944      0x144 BSP/BSP_LCD.o
 .debug_abbrev  0x00000a88      0x100 BSP/BSP_TIMER.o
 .debug_abbrev  0x00000b88       0x8b DATA/DATA_DHT.o
 .debug_abbrev  0x00000c13      0x119 DRIVER/LCD.o
 .debug_abbrev  0x00000d2c       0xb7 main.o

.debug_line     0x00000000      0xe9c
 *(.debug_line .debug_line.* .debug_line_end)
 .debug_line    0x00000000      0x152 C:/Program Files (x86)/Atmel/Studio/7.0/Packs/atmel/ATmega_DFP/1.7.374/gcc/dev/atmega324p/avr5/crtatmega324p.o
 .debug_line    0x00000152      0x147 APP/APP_DHT.o
 .debug_line    0x00000299      0x35f BSP/BSP_DHT.o
 .debug_line    0x000005f8      0x1ef BSP/BSP_LCD.o
 .debug_line    0x000007e7      0x155 BSP/BSP_TIMER.o
 .debug_line    0x0000093c       0xea DATA/DATA_DHT.o
 .debug_line    0x00000a26      0x303 DRIVER/LCD.o
 .debug_line    0x00000d29      0x173 main.o

.debug_frame    0x00000000      0x4d0
 *(.debug_frame)
 .debug_frame   0x00000000       0x74 APP/APP_DHT.o
 .debug_frame   0x00000074      0x140 BSP/BSP_DHT.o
 .debug_frame   0x000001b4       0xac BSP/BSP_LCD.o
 .debug_frame   0x00000260       0x9c BSP/BSP_TIMER.o
 .debug_frame   0x000002fc       0x54 DATA/DATA_DHT.o
 .debug_frame   0x00000350      0x15c DRIVER/LCD.o
 .debug_frame   0x000004ac       0x24 main.o

.debug_str      0x00000000      0x725
 *(.debug_str)
 .debug_str     0x00000000      0x255 C:/Program Files (x86)/Atmel/Studio/7.0/Packs/atmel/ATmega_DFP/1.7.374/gcc/dev/atmega324p/avr5/crtatmega324p.o
 .debug_str     0x00000255      0x1ec APP/APP_DHT.o
                                0x241 (size before relaxing)
 .debug_str     0x00000441      0x11c BSP/BSP_DHT.o
                                0x2b0 (size before relaxing)
 .debug_str     0x0000055d       0x79 BSP/BSP_LCD.o
                                0x238 (size before relaxing)
 .debug_str     0x000005d6       0x5d BSP/BSP_TIMER.o
                                0x1dc (size before relaxing)
 .debug_str     0x00000633       0x48 DATA/DATA_DHT.o
                                0x1e8 (size before relaxing)
 .debug_str     0x0000067b       0x99 DRIVER/LCD.o
                                0x272 (size before relaxing)
 .debug_str     0x00000714       0x11 main.o
                                0x22e (size before relaxing)

.debug_loc      0x00000000      0xb6f
 *(.debug_loc)
 .debug_loc     0x00000000       0xc3 APP/APP_DHT.o
 .debug_loc     0x000000c3      0x403 BSP/BSP_DHT.o
 .debug_loc     0x000004c6      0x1e3 BSP/BSP_LCD.o
 .debug_loc     0x000006a9      0x140 BSP/BSP_TIMER.o
 .debug_loc     0x000007e9      0x35d DRIVER/LCD.o
 .debug_loc     0x00000b46       0x29 main.o

.debug_macinfo
 *(.debug_macinfo)

.debug_weaknames
 *(.debug_weaknames)

.debug_funcnames
 *(.debug_funcnames)

.debug_typenames
 *(.debug_typenames)

.debug_varnames
 *(.debug_varnames)

.debug_pubtypes
 *(.debug_pubtypes)

.debug_ranges   0x00000000      0x1d8
 *(.debug_ranges)
 .debug_ranges  0x00000000       0x20 APP/APP_DHT.o
 .debug_ranges  0x00000020       0x68 BSP/BSP_DHT.o
 .debug_ranges  0x00000088       0x48 BSP/BSP_LCD.o
 .debug_ranges  0x000000d0       0x28 BSP/BSP_TIMER.o
 .debug_ranges  0x000000f8       0x28 DATA/DATA_DHT.o
 .debug_ranges  0x00000120       0xa8 DRIVER/LCD.o
 .debug_ranges  0x000001c8       0x10 main.o

.debug_macro
 *(.debug_macro)
OUTPUT(BTL_AVR.elf elf32-avr)
LOAD linker stubs
