Archive member included to satisfy reference by file (symbol)

c:/program files (x86)/atmel/studio/7.0/toolchain/avr8/avr8-gnu-toolchain/bin/../lib/gcc/avr/5.4.0/avr5\libgcc.a(_exit.o)
                              C:/Program Files (x86)/Atmel/Studio/7.0/Packs/atmel/ATmega_DFP/1.7.374/gcc/dev/atmega324p/avr5/crtatmega324p.o (exit)
c:/program files (x86)/atmel/studio/7.0/toolchain/avr8/avr8-gnu-toolchain/bin/../lib/gcc/avr/5.4.0/avr5\libgcc.a(_copy_data.o)
                              APP_BUTTON/APP_BUTTON.o (__do_copy_data)
c:/program files (x86)/atmel/studio/7.0/toolchain/avr8/avr8-gnu-toolchain/bin/../lib/gcc/avr/5.4.0/avr5\libgcc.a(_clear_bss.o)
                              APP_BUTTON/APP_BUTTON.o (__do_clear_bss)

Allocating common symbols
Common symbol       size              file

app_button_timer_count
                    0x2               APP_BUTTON/APP_BUTTON.o

Discarded input sections

 .data          0x00000000        0x0 C:/Program Files (x86)/Atmel/Studio/7.0/Packs/atmel/ATmega_DFP/1.7.374/gcc/dev/atmega324p/avr5/crtatmega324p.o
 .bss           0x00000000        0x0 C:/Program Files (x86)/Atmel/Studio/7.0/Packs/atmel/ATmega_DFP/1.7.374/gcc/dev/atmega324p/avr5/crtatmega324p.o
 .text          0x00000000        0x0 APP_BUTTON/APP_BUTTON.o
 .data          0x00000000        0x0 APP_BUTTON/APP_BUTTON.o
 .bss           0x00000000        0x0 APP_BUTTON/APP_BUTTON.o
 .text.app_button_get_state
                0x00000000       0x14 APP_BUTTON/APP_BUTTON.o
 .text          0x00000000        0x0 APP_BUTTON/DATA_BUTTON.o
 .data          0x00000000        0x0 APP_BUTTON/DATA_BUTTON.o
 .bss           0x00000000        0x0 APP_BUTTON/DATA_BUTTON.o
 .text.data_button_set_state
                0x00000000        0x6 APP_BUTTON/DATA_BUTTON.o
 .text          0x00000000        0x0 BSP/BSP_BUTTON.o
 .data          0x00000000        0x0 BSP/BSP_BUTTON.o
 .bss           0x00000000        0x0 BSP/BSP_BUTTON.o
 .text.bsp_button_init
                0x00000000        0xe BSP/BSP_BUTTON.o
 .text          0x00000000        0x0 BSP/BSP_LCD.o
 .data          0x00000000        0x0 BSP/BSP_LCD.o
 .bss           0x00000000        0x0 BSP/BSP_LCD.o
 .text          0x00000000        0x0 BSP/BSP_TIMER.o
 .data          0x00000000        0x0 BSP/BSP_TIMER.o
 .bss           0x00000000        0x0 BSP/BSP_TIMER.o
 .text.BSP_Timer1_Init
                0x00000000       0x4c BSP/BSP_TIMER.o
 .text.BSP_GetSysTimeMs
                0x00000000       0x18 BSP/BSP_TIMER.o
 .text.BSP_DelayMs
                0x00000000       0x48 BSP/BSP_TIMER.o
 .text          0x00000000        0x0 DRIVER/LCD.o
 .data          0x00000000        0x0 DRIVER/LCD.o
 .bss           0x00000000        0x0 DRIVER/LCD.o
 .text.LCD_DelayMs
                0x00000000       0x3a DRIVER/LCD.o
 .text.LCD_DelayUs
                0x00000000       0x2e DRIVER/LCD.o
 .text.LCD_RS_HIGH
                0x00000000        0x2 DRIVER/LCD.o
 .text.LCD_RS_LOW
                0x00000000        0x2 DRIVER/LCD.o
 .text.LCD_EN_HIGH
                0x00000000        0x2 DRIVER/LCD.o
 .text.LCD_EN_LOW
                0x00000000        0x2 DRIVER/LCD.o
 .text.LCD_Home
                0x00000000        0x8 DRIVER/LCD.o
 .text          0x00000000        0x0 main.o
 .data          0x00000000        0x0 main.o
 .bss           0x00000000        0x0 main.o
 .text          0x00000000        0x0 c:/program files (x86)/atmel/studio/7.0/toolchain/avr8/avr8-gnu-toolchain/bin/../lib/gcc/avr/5.4.0/avr5\libgcc.a(_exit.o)
 .data          0x00000000        0x0 c:/program files (x86)/atmel/studio/7.0/toolchain/avr8/avr8-gnu-toolchain/bin/../lib/gcc/avr/5.4.0/avr5\libgcc.a(_exit.o)
 .bss           0x00000000        0x0 c:/program files (x86)/atmel/studio/7.0/toolchain/avr8/avr8-gnu-toolchain/bin/../lib/gcc/avr/5.4.0/avr5\libgcc.a(_exit.o)
 .text.libgcc.mul
                0x00000000        0x0 c:/program files (x86)/atmel/studio/7.0/toolchain/avr8/avr8-gnu-toolchain/bin/../lib/gcc/avr/5.4.0/avr5\libgcc.a(_exit.o)
 .text.libgcc.div
                0x00000000        0x0 c:/program files (x86)/atmel/studio/7.0/toolchain/avr8/avr8-gnu-toolchain/bin/../lib/gcc/avr/5.4.0/avr5\libgcc.a(_exit.o)
 .text.libgcc   0x00000000        0x0 c:/program files (x86)/atmel/studio/7.0/toolchain/avr8/avr8-gnu-toolchain/bin/../lib/gcc/avr/5.4.0/avr5\libgcc.a(_exit.o)
 .text.libgcc.prologue
                0x00000000        0x0 c:/program files (x86)/atmel/studio/7.0/toolchain/avr8/avr8-gnu-toolchain/bin/../lib/gcc/avr/5.4.0/avr5\libgcc.a(_exit.o)
 .text.libgcc.builtins
                0x00000000        0x0 c:/program files (x86)/atmel/studio/7.0/toolchain/avr8/avr8-gnu-toolchain/bin/../lib/gcc/avr/5.4.0/avr5\libgcc.a(_exit.o)
 .text.libgcc.fmul
                0x00000000        0x0 c:/program files (x86)/atmel/studio/7.0/toolchain/avr8/avr8-gnu-toolchain/bin/../lib/gcc/avr/5.4.0/avr5\libgcc.a(_exit.o)
 .text.libgcc.fixed
                0x00000000        0x0 c:/program files (x86)/atmel/studio/7.0/toolchain/avr8/avr8-gnu-toolchain/bin/../lib/gcc/avr/5.4.0/avr5\libgcc.a(_exit.o)
 .text          0x00000000        0x0 c:/program files (x86)/atmel/studio/7.0/toolchain/avr8/avr8-gnu-toolchain/bin/../lib/gcc/avr/5.4.0/avr5\libgcc.a(_copy_data.o)
 .data          0x00000000        0x0 c:/program files (x86)/atmel/studio/7.0/toolchain/avr8/avr8-gnu-toolchain/bin/../lib/gcc/avr/5.4.0/avr5\libgcc.a(_copy_data.o)
 .bss           0x00000000        0x0 c:/program files (x86)/atmel/studio/7.0/toolchain/avr8/avr8-gnu-toolchain/bin/../lib/gcc/avr/5.4.0/avr5\libgcc.a(_copy_data.o)
 .text.libgcc.mul
                0x00000000        0x0 c:/program files (x86)/atmel/studio/7.0/toolchain/avr8/avr8-gnu-toolchain/bin/../lib/gcc/avr/5.4.0/avr5\libgcc.a(_copy_data.o)
 .text.libgcc.div
                0x00000000        0x0 c:/program files (x86)/atmel/studio/7.0/toolchain/avr8/avr8-gnu-toolchain/bin/../lib/gcc/avr/5.4.0/avr5\libgcc.a(_copy_data.o)
 .text.libgcc   0x00000000        0x0 c:/program files (x86)/atmel/studio/7.0/toolchain/avr8/avr8-gnu-toolchain/bin/../lib/gcc/avr/5.4.0/avr5\libgcc.a(_copy_data.o)
 .text.libgcc.prologue
                0x00000000        0x0 c:/program files (x86)/atmel/studio/7.0/toolchain/avr8/avr8-gnu-toolchain/bin/../lib/gcc/avr/5.4.0/avr5\libgcc.a(_copy_data.o)
 .text.libgcc.builtins
                0x00000000        0x0 c:/program files (x86)/atmel/studio/7.0/toolchain/avr8/avr8-gnu-toolchain/bin/../lib/gcc/avr/5.4.0/avr5\libgcc.a(_copy_data.o)
 .text.libgcc.fmul
                0x00000000        0x0 c:/program files (x86)/atmel/studio/7.0/toolchain/avr8/avr8-gnu-toolchain/bin/../lib/gcc/avr/5.4.0/avr5\libgcc.a(_copy_data.o)
 .text.libgcc.fixed
                0x00000000        0x0 c:/program files (x86)/atmel/studio/7.0/toolchain/avr8/avr8-gnu-toolchain/bin/../lib/gcc/avr/5.4.0/avr5\libgcc.a(_copy_data.o)
 .text          0x00000000        0x0 c:/program files (x86)/atmel/studio/7.0/toolchain/avr8/avr8-gnu-toolchain/bin/../lib/gcc/avr/5.4.0/avr5\libgcc.a(_clear_bss.o)
 .data          0x00000000        0x0 c:/program files (x86)/atmel/studio/7.0/toolchain/avr8/avr8-gnu-toolchain/bin/../lib/gcc/avr/5.4.0/avr5\libgcc.a(_clear_bss.o)
 .bss           0x00000000        0x0 c:/program files (x86)/atmel/studio/7.0/toolchain/avr8/avr8-gnu-toolchain/bin/../lib/gcc/avr/5.4.0/avr5\libgcc.a(_clear_bss.o)
 .text.libgcc.mul
                0x00000000        0x0 c:/program files (x86)/atmel/studio/7.0/toolchain/avr8/avr8-gnu-toolchain/bin/../lib/gcc/avr/5.4.0/avr5\libgcc.a(_clear_bss.o)
 .text.libgcc.div
                0x00000000        0x0 c:/program files (x86)/atmel/studio/7.0/toolchain/avr8/avr8-gnu-toolchain/bin/../lib/gcc/avr/5.4.0/avr5\libgcc.a(_clear_bss.o)
 .text.libgcc   0x00000000        0x0 c:/program files (x86)/atmel/studio/7.0/toolchain/avr8/avr8-gnu-toolchain/bin/../lib/gcc/avr/5.4.0/avr5\libgcc.a(_clear_bss.o)
 .text.libgcc.prologue
                0x00000000        0x0 c:/program files (x86)/atmel/studio/7.0/toolchain/avr8/avr8-gnu-toolchain/bin/../lib/gcc/avr/5.4.0/avr5\libgcc.a(_clear_bss.o)
 .text.libgcc.builtins
                0x00000000        0x0 c:/program files (x86)/atmel/studio/7.0/toolchain/avr8/avr8-gnu-toolchain/bin/../lib/gcc/avr/5.4.0/avr5\libgcc.a(_clear_bss.o)
 .text.libgcc.fmul
                0x00000000        0x0 c:/program files (x86)/atmel/studio/7.0/toolchain/avr8/avr8-gnu-toolchain/bin/../lib/gcc/avr/5.4.0/avr5\libgcc.a(_clear_bss.o)
 .text.libgcc.fixed
                0x00000000        0x0 c:/program files (x86)/atmel/studio/7.0/toolchain/avr8/avr8-gnu-toolchain/bin/../lib/gcc/avr/5.4.0/avr5\libgcc.a(_clear_bss.o)

Memory Configuration

Name             Origin             Length             Attributes
text             0x00000000         0x00008000         xr
data             0x00800100         0x00000800         rw !x
eeprom           0x00810000         0x00000400         rw !x
fuse             0x00820000         0x00000003         rw !x
lock             0x00830000         0x00000400         rw !x
signature        0x00840000         0x00000400         rw !x
user_signatures  0x00850000         0x00000400         rw !x
*default*        0x00000000         0xffffffff

Linker script and memory map

Address of section .data set to 0x800100
LOAD C:/Program Files (x86)/Atmel/Studio/7.0/Packs/atmel/ATmega_DFP/1.7.374/gcc/dev/atmega324p/avr5/crtatmega324p.o
LOAD APP_BUTTON/APP_BUTTON.o
LOAD APP_BUTTON/DATA_BUTTON.o
LOAD BSP/BSP_BUTTON.o
LOAD BSP/BSP_LCD.o
LOAD BSP/BSP_TIMER.o
LOAD DRIVER/LCD.o
LOAD main.o
START GROUP
LOAD c:/program files (x86)/atmel/studio/7.0/toolchain/avr8/avr8-gnu-toolchain/bin/../lib/gcc/avr/5.4.0/../../../../avr/lib/avr5\libm.a
END GROUP
START GROUP
LOAD c:/program files (x86)/atmel/studio/7.0/toolchain/avr8/avr8-gnu-toolchain/bin/../lib/gcc/avr/5.4.0/avr5\libgcc.a
LOAD c:/program files (x86)/atmel/studio/7.0/toolchain/avr8/avr8-gnu-toolchain/bin/../lib/gcc/avr/5.4.0/../../../../avr/lib/avr5\libm.a
LOAD c:/program files (x86)/atmel/studio/7.0/toolchain/avr8/avr8-gnu-toolchain/bin/../lib/gcc/avr/5.4.0/../../../../avr/lib/avr5\libc.a
LOAD C:/Program Files (x86)/Atmel/Studio/7.0/Packs/atmel/ATmega_DFP/1.7.374/gcc/dev/atmega324p/avr5\libatmega324p.a
END GROUP
                [0x00000000]                __TEXT_REGION_ORIGIN__ = DEFINED (__TEXT_REGION_ORIGIN__)?__TEXT_REGION_ORIGIN__:0x0
                [0x00800100]                __DATA_REGION_ORIGIN__ = DEFINED (__DATA_REGION_ORIGIN__)?__DATA_REGION_ORIGIN__:0x800060
                [0x00008000]                __TEXT_REGION_LENGTH__ = DEFINED (__TEXT_REGION_LENGTH__)?__TEXT_REGION_LENGTH__:0x20000
                [0x00000800]                __DATA_REGION_LENGTH__ = DEFINED (__DATA_REGION_LENGTH__)?__DATA_REGION_LENGTH__:0xffa0
                [0x00000400]                __EEPROM_REGION_LENGTH__ = DEFINED (__EEPROM_REGION_LENGTH__)?__EEPROM_REGION_LENGTH__:0x10000
                [0x00000003]                __FUSE_REGION_LENGTH__ = DEFINED (__FUSE_REGION_LENGTH__)?__FUSE_REGION_LENGTH__:0x400
                0x00000400                __LOCK_REGION_LENGTH__ = DEFINED (__LOCK_REGION_LENGTH__)?__LOCK_REGION_LENGTH__:0x400
                0x00000400                __SIGNATURE_REGION_LENGTH__ = DEFINED (__SIGNATURE_REGION_LENGTH__)?__SIGNATURE_REGION_LENGTH__:0x400
                0x00000400                __USER_SIGNATURE_REGION_LENGTH__ = DEFINED (__USER_SIGNATURE_REGION_LENGTH__)?__USER_SIGNATURE_REGION_LENGTH__:0x400

.hash
 *(.hash)

.dynsym
 *(.dynsym)

.dynstr
 *(.dynstr)

.gnu.version
 *(.gnu.version)

.gnu.version_d
 *(.gnu.version_d)

.gnu.version_r
 *(.gnu.version_r)

.rel.init
 *(.rel.init)

.rela.init
 *(.rela.init)

.rel.text
 *(.rel.text)
 *(.rel.text.*)
 *(.rel.gnu.linkonce.t*)

.rela.text
 *(.rela.text)
 *(.rela.text.*)
 *(.rela.gnu.linkonce.t*)

.rel.fini
 *(.rel.fini)

.rela.fini
 *(.rela.fini)

.rel.rodata
 *(.rel.rodata)
 *(.rel.rodata.*)
 *(.rel.gnu.linkonce.r*)

.rela.rodata
 *(.rela.rodata)
 *(.rela.rodata.*)
 *(.rela.gnu.linkonce.r*)

.rel.data
 *(.rel.data)
 *(.rel.data.*)
 *(.rel.gnu.linkonce.d*)

.rela.data
 *(.rela.data)
 *(.rela.data.*)
 *(.rela.gnu.linkonce.d*)

.rel.ctors
 *(.rel.ctors)

.rela.ctors
 *(.rela.ctors)

.rel.dtors
 *(.rel.dtors)

.rela.dtors
 *(.rela.dtors)

.rel.got
 *(.rel.got)

.rela.got
 *(.rela.got)

.rel.bss
 *(.rel.bss)

.rela.bss
 *(.rela.bss)

.rel.plt
 *(.rel.plt)

.rela.plt
 *(.rela.plt)

.text           0x00000000      0x3d2
 *(.vectors)
 .vectors       0x00000000       0x7c C:/Program Files (x86)/Atmel/Studio/7.0/Packs/atmel/ATmega_DFP/1.7.374/gcc/dev/atmega324p/avr5/crtatmega324p.o
                0x00000000                __vector_default
                0x00000000                __vectors
 *(.vectors)
 *(.progmem.gcc*)
                0x0000007c                . = ALIGN (0x2)
                0x0000007c                __trampolines_start = .
 *(.trampolines)
 .trampolines   0x0000007c        0x0 linker stubs
 *(.trampolines*)
                0x0000007c                __trampolines_end = .
 *libprintf_flt.a:*(.progmem.data)
 *libc.a:*(.progmem.data)
 *(.progmem*)
                0x0000007c                . = ALIGN (0x2)
 *(.jumptables)
 *(.jumptables*)
 *(.lowtext)
 *(.lowtext*)
                0x0000007c                __ctors_start = .
 *(.ctors)
                0x0000007c                __ctors_end = .
                0x0000007c                __dtors_start = .
 *(.dtors)
                0x0000007c                __dtors_end = .
 SORT(*)(.ctors)
 SORT(*)(.dtors)
 *(.init0)
 .init0         0x0000007c        0x0 C:/Program Files (x86)/Atmel/Studio/7.0/Packs/atmel/ATmega_DFP/1.7.374/gcc/dev/atmega324p/avr5/crtatmega324p.o
                0x0000007c                __init
 *(.init0)
 *(.init1)
 *(.init1)
 *(.init2)
 .init2         0x0000007c        0xc C:/Program Files (x86)/Atmel/Studio/7.0/Packs/atmel/ATmega_DFP/1.7.374/gcc/dev/atmega324p/avr5/crtatmega324p.o
 *(.init2)
 *(.init3)
 *(.init3)
 *(.init4)
 .init4         0x00000088       0x16 c:/program files (x86)/atmel/studio/7.0/toolchain/avr8/avr8-gnu-toolchain/bin/../lib/gcc/avr/5.4.0/avr5\libgcc.a(_copy_data.o)
                0x00000088                __do_copy_data
 .init4         0x0000009e       0x10 c:/program files (x86)/atmel/studio/7.0/toolchain/avr8/avr8-gnu-toolchain/bin/../lib/gcc/avr/5.4.0/avr5\libgcc.a(_clear_bss.o)
                0x0000009e                __do_clear_bss
 *(.init4)
 *(.init5)
 *(.init5)
 *(.init6)
 *(.init6)
 *(.init7)
 *(.init7)
 *(.init8)
 *(.init8)
 *(.init9)
 .init9         0x000000ae        0x8 C:/Program Files (x86)/Atmel/Studio/7.0/Packs/atmel/ATmega_DFP/1.7.374/gcc/dev/atmega324p/avr5/crtatmega324p.o
 *(.init9)
 *(.text)
 .text          0x000000b6        0x4 C:/Program Files (x86)/Atmel/Studio/7.0/Packs/atmel/ATmega_DFP/1.7.374/gcc/dev/atmega324p/avr5/crtatmega324p.o
                0x000000b6                __vector_22
                0x000000b6                __vector_28
                0x000000b6                __vector_1
                0x000000b6                __vector_24
                0x000000b6                __vector_12
                0x000000b6                __bad_interrupt
                0x000000b6                __vector_6
                0x000000b6                __vector_3
                0x000000b6                __vector_23
                0x000000b6                __vector_30
                0x000000b6                __vector_25
                0x000000b6                __vector_11
                0x000000b6                __vector_17
                0x000000b6                __vector_19
                0x000000b6                __vector_7
                0x000000b6                __vector_27
                0x000000b6                __vector_5
                0x000000b6                __vector_4
                0x000000b6                __vector_9
                0x000000b6                __vector_2
                0x000000b6                __vector_21
                0x000000b6                __vector_15
                0x000000b6                __vector_29
                0x000000b6                __vector_8
                0x000000b6                __vector_26
                0x000000b6                __vector_14
                0x000000b6                __vector_10
                0x000000b6                __vector_16
                0x000000b6                __vector_18
                0x000000b6                __vector_20
                0x000000ba                . = ALIGN (0x2)
 *(.text.*)
 .text.app_button_update
                0x000000ba       0xa0 APP_BUTTON/APP_BUTTON.o
                0x000000ba                app_button_update
 .text.data_button_get_state
                0x0000015a        0x6 APP_BUTTON/DATA_BUTTON.o
                0x0000015a                data_button_get_state
 .text.bsp_button_start_get_state
                0x00000160        0xc BSP/BSP_BUTTON.o
                0x00000160                bsp_button_start_get_state
 .text.BSP_LCD_Init
                0x0000016c        0xc BSP/BSP_LCD.o
                0x0000016c                BSP_LCD_Init
 .text.LCD_WriteBus4
                0x00000178       0x12 BSP/BSP_LCD.o
                0x00000178                LCD_WriteBus4
 .text.LCD_RS_HIGH
                0x0000018a        0x8 BSP/BSP_LCD.o
                0x0000018a                LCD_RS_HIGH
 .text.LCD_RS_LOW
                0x00000192        0x8 BSP/BSP_LCD.o
                0x00000192                LCD_RS_LOW
 .text.LCD_EN_HIGH
                0x0000019a        0x8 BSP/BSP_LCD.o
                0x0000019a                LCD_EN_HIGH
 .text.LCD_EN_LOW
                0x000001a2        0x8 BSP/BSP_LCD.o
                0x000001a2                LCD_EN_LOW
 .text.LCD_DelayMs
                0x000001aa       0x30 BSP/BSP_LCD.o
                0x000001aa                LCD_DelayMs
 .text.LCD_DelayUs
                0x000001da       0x2c BSP/BSP_LCD.o
                0x000001da                LCD_DelayUs
 .text.__vector_13
                0x00000206       0x60 BSP/BSP_TIMER.o
                0x00000206                __vector_13
 .text.LCD_PulseEnable
                0x00000266       0x22 DRIVER/LCD.o
                0x00000266                LCD_PulseEnable
 .text.LCD_Write4Bits
                0x00000288        0xc DRIVER/LCD.o
                0x00000288                LCD_Write4Bits
 .text.LCD_Send
                0x00000294       0x44 DRIVER/LCD.o
                0x00000294                LCD_Send
 .text.LCD_SendCommand
                0x000002d8        0x8 DRIVER/LCD.o
                0x000002d8                LCD_SendCommand
 .text.LCD_SendData
                0x000002e0        0x8 DRIVER/LCD.o
                0x000002e0                LCD_SendData
 .text.LCD_Clear
                0x000002e8        0x8 DRIVER/LCD.o
                0x000002e8                LCD_Clear
 .text.LCD_Init
                0x000002f0       0x7a DRIVER/LCD.o
                0x000002f0                LCD_Init
 .text.LCD_PutChar
                0x0000036a        0x6 DRIVER/LCD.o
                0x0000036a                LCD_PutChar
 .text.LCD_PutString
                0x00000370       0x1e DRIVER/LCD.o
                0x00000370                LCD_PutString
 .text.LCD_GotoXY
                0x0000038e       0x12 DRIVER/LCD.o
                0x0000038e                LCD_GotoXY
 .text.main     0x000003a0       0x2e main.o
                0x000003a0                main
                0x000003ce                . = ALIGN (0x2)
 *(.fini9)
 .fini9         0x000003ce        0x0 c:/program files (x86)/atmel/studio/7.0/toolchain/avr8/avr8-gnu-toolchain/bin/../lib/gcc/avr/5.4.0/avr5\libgcc.a(_exit.o)
                0x000003ce                _exit
                0x000003ce                exit
 *(.fini9)
 *(.fini8)
 *(.fini8)
 *(.fini7)
 *(.fini7)
 *(.fini6)
 *(.fini6)
 *(.fini5)
 *(.fini5)
 *(.fini4)
 *(.fini4)
 *(.fini3)
 *(.fini3)
 *(.fini2)
 *(.fini2)
 *(.fini1)
 *(.fini1)
 *(.fini0)
 .fini0         0x000003ce        0x4 c:/program files (x86)/atmel/studio/7.0/toolchain/avr8/avr8-gnu-toolchain/bin/../lib/gcc/avr/5.4.0/avr5\libgcc.a(_exit.o)
 *(.fini0)
                0x000003d2                _etext = .

.data           0x00800100       0x16 load address 0x000003d2
                0x00800100                PROVIDE (__data_start, .)
 *(.data)
 *(.data*)
 .data.state    0x00800100        0x1 APP_BUTTON/APP_BUTTON.o
 .data.button_state
                0x00800101        0x1 APP_BUTTON/DATA_BUTTON.o
 *(.gnu.linkonce.d*)
 *(.rodata)
 *(.rodata*)
 .rodata.str1.1
                0x00800102       0x13 main.o
 *(.gnu.linkonce.r*)
                0x00800116                . = ALIGN (0x2)
 *fill*         0x00800115        0x1 
                0x00800116                _edata = .
                0x00800116                PROVIDE (__data_end, .)

.bss            0x00800116        0x6
                0x00800116                PROVIDE (__bss_start, .)
 *(.bss)
 *(.bss*)
 .bss.sys_time_count
                0x00800116        0x4 BSP/BSP_TIMER.o
                0x00800116                sys_time_count
 *(COMMON)
 COMMON         0x0080011a        0x2 APP_BUTTON/APP_BUTTON.o
                0x0080011a                app_button_timer_count
                0x0080011c                PROVIDE (__bss_end, .)
                0x000003d2                __data_load_start = LOADADDR (.data)
                0x000003e8                __data_load_end = (__data_load_start + SIZEOF (.data))

.noinit         0x0080011c        0x0
                [!provide]                PROVIDE (__noinit_start, .)
 *(.noinit*)
                [!provide]                PROVIDE (__noinit_end, .)
                0x0080011c                _end = .
                [!provide]                PROVIDE (__heap_start, .)

.eeprom         0x00810000        0x0
 *(.eeprom*)
                0x00810000                __eeprom_end = .

.fuse
 *(.fuse)
 *(.lfuse)
 *(.hfuse)
 *(.efuse)

.lock
 *(.lock*)

.signature
 *(.signature*)

.user_signatures
 *(.user_signatures*)

.stab
 *(.stab)

.stabstr
 *(.stabstr)

.stab.excl
 *(.stab.excl)

.stab.exclstr
 *(.stab.exclstr)

.stab.index
 *(.stab.index)

.stab.indexstr
 *(.stab.indexstr)

.comment        0x00000000       0x30
 *(.comment)
 .comment       0x00000000       0x30 APP_BUTTON/APP_BUTTON.o
                                 0x31 (size before relaxing)
 .comment       0x00000030       0x31 APP_BUTTON/DATA_BUTTON.o
 .comment       0x00000030       0x31 BSP/BSP_BUTTON.o
 .comment       0x00000030       0x31 BSP/BSP_LCD.o
 .comment       0x00000030       0x31 BSP/BSP_TIMER.o
 .comment       0x00000030       0x31 DRIVER/LCD.o
 .comment       0x00000030       0x31 main.o

.note.gnu.avr.deviceinfo
                0x00000000       0x40
 .note.gnu.avr.deviceinfo
                0x00000000       0x40 C:/Program Files (x86)/Atmel/Studio/7.0/Packs/atmel/ATmega_DFP/1.7.374/gcc/dev/atmega324p/avr5/crtatmega324p.o

.note.gnu.build-id
 *(.note.gnu.build-id)

.debug
 *(.debug)

.line
 *(.line)

.debug_srcinfo
 *(.debug_srcinfo)

.debug_sfnames
 *(.debug_sfnames)

.debug_aranges  0x00000000      0x1c8
 *(.debug_aranges)
 .debug_aranges
                0x00000000       0x28 APP_BUTTON/APP_BUTTON.o
 .debug_aranges
                0x00000028       0x28 APP_BUTTON/DATA_BUTTON.o
 .debug_aranges
                0x00000050       0x28 BSP/BSP_BUTTON.o
 .debug_aranges
                0x00000078       0x58 BSP/BSP_LCD.o
 .debug_aranges
                0x000000d0       0x38 BSP/BSP_TIMER.o
 .debug_aranges
                0x00000108       0xa0 DRIVER/LCD.o
 .debug_aranges
                0x000001a8       0x20 main.o

.debug_pubnames
 *(.debug_pubnames)

.debug_info     0x00000000     0x1431
 *(.debug_info .gnu.linkonce.wi.*)
 .debug_info    0x00000000      0x6cc C:/Program Files (x86)/Atmel/Studio/7.0/Packs/atmel/ATmega_DFP/1.7.374/gcc/dev/atmega324p/avr5/crtatmega324p.o
 .debug_info    0x000006cc      0x136 APP_BUTTON/APP_BUTTON.o
 .debug_info    0x00000802       0xc0 APP_BUTTON/DATA_BUTTON.o
 .debug_info    0x000008c2       0x9d BSP/BSP_BUTTON.o
 .debug_info    0x0000095f      0x263 BSP/BSP_LCD.o
 .debug_info    0x00000bc2      0x172 BSP/BSP_TIMER.o
 .debug_info    0x00000d34      0x5b7 DRIVER/LCD.o
 .debug_info    0x000012eb      0x146 main.o

.debug_abbrev   0x00000000      0xc11
 *(.debug_abbrev)
 .debug_abbrev  0x00000000      0x66e C:/Program Files (x86)/Atmel/Studio/7.0/Packs/atmel/ATmega_DFP/1.7.374/gcc/dev/atmega324p/avr5/crtatmega324p.o
 .debug_abbrev  0x0000066e       0xbe APP_BUTTON/APP_BUTTON.o
 .debug_abbrev  0x0000072c       0x8b APP_BUTTON/DATA_BUTTON.o
 .debug_abbrev  0x000007b7       0x6b BSP/BSP_BUTTON.o
 .debug_abbrev  0x00000822      0x144 BSP/BSP_LCD.o
 .debug_abbrev  0x00000966      0x111 BSP/BSP_TIMER.o
 .debug_abbrev  0x00000a77      0x119 DRIVER/LCD.o
 .debug_abbrev  0x00000b90       0x81 main.o

.debug_line     0x00000000      0xb61
 *(.debug_line .debug_line.* .debug_line_end)
 .debug_line    0x00000000      0x152 C:/Program Files (x86)/Atmel/Studio/7.0/Packs/atmel/ATmega_DFP/1.7.374/gcc/dev/atmega324p/avr5/crtatmega324p.o
 .debug_line    0x00000152      0x14f APP_BUTTON/APP_BUTTON.o
 .debug_line    0x000002a1       0xc7 APP_BUTTON/DATA_BUTTON.o
 .debug_line    0x00000368       0xd7 BSP/BSP_BUTTON.o
 .debug_line    0x0000043f      0x1ef BSP/BSP_LCD.o
 .debug_line    0x0000062e      0x167 BSP/BSP_TIMER.o
 .debug_line    0x00000795      0x303 DRIVER/LCD.o
 .debug_line    0x00000a98       0xc9 main.o

.debug_frame    0x00000000      0x364
 *(.debug_frame)
 .debug_frame   0x00000000       0x34 APP_BUTTON/APP_BUTTON.o
 .debug_frame   0x00000034       0x34 APP_BUTTON/DATA_BUTTON.o
 .debug_frame   0x00000068       0x34 BSP/BSP_BUTTON.o
 .debug_frame   0x0000009c       0xac BSP/BSP_LCD.o
 .debug_frame   0x00000148       0x9c BSP/BSP_TIMER.o
 .debug_frame   0x000001e4      0x15c DRIVER/LCD.o
 .debug_frame   0x00000340       0x24 main.o

.debug_str      0x00000000      0x6c1
 *(.debug_str)
 .debug_str     0x00000000      0x255 C:/Program Files (x86)/Atmel/Studio/7.0/Packs/atmel/ATmega_DFP/1.7.374/gcc/dev/atmega324p/avr5/crtatmega324p.o
 .debug_str     0x00000255      0x1fd APP_BUTTON/APP_BUTTON.o
                                0x23c (size before relaxing)
 .debug_str     0x00000452       0x55 APP_BUTTON/DATA_BUTTON.o
                                0x1ae (size before relaxing)
 .debug_str     0x000004a7       0x24 BSP/BSP_BUTTON.o
                                0x192 (size before relaxing)
 .debug_str     0x000004cb       0xd3 BSP/BSP_LCD.o
                                0x22f (size before relaxing)
 .debug_str     0x0000059e       0x6e BSP/BSP_TIMER.o
                                0x1ea (size before relaxing)
 .debug_str     0x0000060c       0xa4 DRIVER/LCD.o
                                0x269 (size before relaxing)
 .debug_str     0x000006b0       0x11 main.o
                                0x1aa (size before relaxing)

.debug_loc      0x00000000      0x680
 *(.debug_loc)
 .debug_loc     0x00000000      0x1e3 BSP/BSP_LCD.o
 .debug_loc     0x000001e3      0x140 BSP/BSP_TIMER.o
 .debug_loc     0x00000323      0x35d DRIVER/LCD.o

.debug_macinfo
 *(.debug_macinfo)

.debug_weaknames
 *(.debug_weaknames)

.debug_funcnames
 *(.debug_funcnames)

.debug_typenames
 *(.debug_typenames)

.debug_varnames
 *(.debug_varnames)

.debug_pubtypes
 *(.debug_pubtypes)

.debug_ranges   0x00000000      0x170
 *(.debug_ranges)
 .debug_ranges  0x00000000       0x18 APP_BUTTON/APP_BUTTON.o
 .debug_ranges  0x00000018       0x18 APP_BUTTON/DATA_BUTTON.o
 .debug_ranges  0x00000030       0x18 BSP/BSP_BUTTON.o
 .debug_ranges  0x00000048       0x48 BSP/BSP_LCD.o
 .debug_ranges  0x00000090       0x28 BSP/BSP_TIMER.o
 .debug_ranges  0x000000b8       0xa8 DRIVER/LCD.o
 .debug_ranges  0x00000160       0x10 main.o

.debug_macro
 *(.debug_macro)
OUTPUT(BTL_AVR.elf elf32-avr)
LOAD linker stubs
